Microchip MPLAB XC8 Compiler V2.31

Linker command line:

-W-3 --edf=C:\Program Files\Microchip\xc8\v2.31\pic\dat\en_msgs.txt -cn \
  -h+dist/default/production\Lab3M.X.production.sym \
  --cmf=dist/default/production\Lab3M.X.production.cmf -z -Q16F887 \
  -oC:\Users\jonam\AppData\Local\Temp\snqo.2 --defsym=__MPLAB_BUILD=1 \
  -Mdist/default/production/Lab3M.X.production.map -E1 -ver=XC8 Compiler \
  --acfsm=1493 -ASTACK=0110h-016Fh -pstack=STACK -ACODE=00h-07FFhx4 \
  -ASTRCODE=00h-01FFFh -ASTRING=00h-0FFhx32 -ACONST=00h-0FFhx32 \
  -AENTRY=00h-0FFhx32 -ACOMMON=070h-07Fh -ABANK0=020h-06Fh \
  -ABANK1=0A0h-0EFh -ABANK2=0110h-016Fh -ABANK3=0190h-01EFh \
  -ARAM=020h-06Fh,0A0h-0EFh,0110h-016Fh,0190h-01EFh \
  -AABS1=020h-07Fh,0A0h-0EFh,0110h-016Fh,0190h-01EFh -ASFR0=00h-01Fh \
  -ASFR1=080h-09Fh -ASFR2=0100h-010Fh -ASFR3=0180h-018Fh \
  -ACONFIG=02007h-02008h -DCONFIG=2 -AIDLOC=02000h-02003h -DIDLOC=2 \
  -AEEDATA=00h-0FFh/02100h -peeprom_data=EEDATA -DEEDATA=2 -DCODE=2 \
  -DSTRCODE=2 -DSTRING=2 -DCONST=2 -DENTRY=2 \
  -preset_vec=00h,intentry,init,end_init -ppowerup=CODE -pcinit=CODE \
  -pfunctab=ENTRY -k C:\Users\jonam\AppData\Local\Temp\snqo.o \
  dist/default/production\Lab3M.X.production.o 

Object code version is 3.11

Machine type is 16F887



                Name                               Link     Load   Length Selector   Space Scale
C:\Users\jonam\AppData\Local\Temp\snqo.o
                end_init                              0        0        3        0       0
                config                             2007     2007        2        0       4
dist/default/production\Lab3M.X.production.o
                cinit                               7F3      7F3        D      FE6       0
                functab                               3        3        9        6       0
                config                             2007     2007        2        0       4
                text23                              21C      21C       25      438       0
                text22                              14A      14A       12      294       0
                text21                              4BA      4BA       7B      974       0
                text20                              2A4      2A4       44      548       0
                text19                              26A      26A       3A      4D4       0
                text18                              138      138        9      270       0
                text17                              535      535      134      A6A       0
                text16                              1C0      1C0       1B      380       0
                text15                              172      172       1A      2E4       0
                text14                              18C      18C       1A      318       0
                text13                              1A6      1A6       1A      34C       0
                text12                              453      453       67      8A6       0
                text11                              394      394       59      728       0
                text10                              3ED      3ED       66      7DA       0
                text9                               2E8      2E8       56      5D0       0
                text8                               33E      33E       56      67C       0
                text7                               15C      15C       16      2B8       0
                text6                               1DB      1DB       20      3B6       0
                text5                               129      129        7      252       0
                text4                               141      141        9      282       0
                text3                               123      123        6      246       0
                text2                               1FB      1FB       21      3F6       0
                text1                               241      241       29      482       0
                maintext                            669      669      18A      CD2       0
                cstackBANK0                          48       48       17       20       1
                cstackCOMMON                         70       70        E       70       1
                clrtext                             130      130        8      260       0
                bssBANK0                             20       20       28       20       1
                strings                               C        C       BA       18       0

TOTAL           Name                               Link     Load   Length     Space
        CLASS   STACK          

        CLASS   CODE           
                end_init                              0        0        3         0
                cinit                               7F3      7F3        D         0
                text23                              21C      21C       25         0
                text22                              14A      14A       12         0
                text21                              4BA      4BA       7B         0
                text20                              2A4      2A4       44         0
                text19                              26A      26A       3A         0
                text18                              138      138        9         0
                text17                              535      535      134         0
                text16                              1C0      1C0       1B         0
                text15                              172      172       1A         0
                text14                              18C      18C       1A         0
                text13                              1A6      1A6       1A         0
                text12                              453      453       67         0
                text11                              394      394       59         0
                text10                              3ED      3ED       66         0
                text9                               2E8      2E8       56         0
                text8                               33E      33E       56         0
                text7                               15C      15C       16         0
                text6                               1DB      1DB       20         0
                text5                               129      129        7         0
                text4                               141      141        9         0
                text3                               123      123        6         0
                text2                               1FB      1FB       21         0
                text1                               241      241       29         0
                maintext                            669      669      18A         0
                clrtext                             130      130        8         0

        CLASS   STRCODE        

        CLASS   STRING         
                strings                               C        C       BA         0

        CLASS   CONST          

        CLASS   ENTRY          
                functab                               3        3        9         0

        CLASS   COMMON         
                cstackCOMMON                         70       70        E         1

        CLASS   BANK0          
                cstackBANK0                          48       48       17         1
                bssBANK0                             20       20       28         1

        CLASS   BANK1          

        CLASS   BANK2          

        CLASS   BANK3          

        CLASS   RAM            

        CLASS   ABS1           
                abs_s1                               7E       7E        2         1

        CLASS   SFR0           

        CLASS   SFR1           

        CLASS   SFR2           

        CLASS   SFR3           

        CLASS   CONFIG         
                config                             2007     2007        2         4

        CLASS   IDLOC          

        CLASS   EEDATA         



SEGMENTS        Name                           Load    Length   Top    Selector   Space  Class     Delta

                reset_vec                      000000  000003  000003         0       0  CODE        2
                functab                        000003  000009  00000C         6       0  ENTRY       2
                strings                        00000C  0000BA  0000C6        18       0  STRING      2
                bssBANK0                       000020  00003F  00005F        20       1  BANK0       1
                cstackCOMMON                   000070  00000E  00007E        70       1  COMMON      1
                text3                          000123  000006  000129       246       0  CODE        2
                text5                          000129  000007  000130       252       0  CODE        2
                clrtext                        000130  000008  000138       260       0  CODE        2
                text18                         000138  000009  000141       270       0  CODE        2
                text4                          000141  000009  00014A       282       0  CODE        2
                text22                         00014A  000012  00015C       294       0  CODE        2
                text7                          00015C  000016  000172       2B8       0  CODE        2
                text15                         000172  00001A  00018C       2E4       0  CODE        2
                text14                         00018C  00001A  0001A6       318       0  CODE        2
                text13                         0001A6  00001A  0001C0       34C       0  CODE        2
                text16                         0001C0  00001B  0001DB       380       0  CODE        2
                text6                          0001DB  000020  0001FB       3B6       0  CODE        2
                text2                          0001FB  000021  00021C       3F6       0  CODE        2
                text23                         00021C  000025  000241       438       0  CODE        2
                text1                          000241  000029  00026A       482       0  CODE        2
                text19                         00026A  00003A  0002A4       4D4       0  CODE        2
                text20                         0002A4  000044  0002E8       548       0  CODE        2
                text9                          0002E8  000056  00033E       5D0       0  CODE        2
                text8                          00033E  000056  000394       67C       0  CODE        2
                text11                         000394  000059  0003ED       728       0  CODE        2
                text10                         0003ED  000066  000453       7DA       0  CODE        2
                text12                         000453  000067  0004BA       8A6       0  CODE        2
                text21                         0004BA  00007B  000535       974       0  CODE        2
                text17                         000535  000134  000669       A6A       0  CODE        2
                maintext                       000669  00018A  0007F3       CD2       0  CODE        2
                cinit                          0007F3  00000D  000800       FE6       0  CODE        2


UNUSED ADDRESS RANGES

        Name                Unused          Largest block    Delta
        BANK0            005F-006F             11           1
        BANK1            00A0-00EF             50           1
        BANK2            0110-016F             60           1
        BANK3            0190-01EF             60           1
        CODE             00C6-0122             5D           2
                         0800-1FFF            800
        CONST            00C6-0122             3A           2
                         0800-1FFF            100
        EEDATA           2100-21FF            100           2
        ENTRY            00C6-0122             3A           2
                         0800-1FFF            100
        IDLOC            2000-2003              4           2
        RAM              005F-006F             11           1
                         00A0-00EF             50
                         0110-016F             60
                         0190-01EF             60
        SFR0             0000-001F             20           1
        SFR1             0080-009F             20           1
        SFR2             0100-010F             10           1
        SFR3             0180-018F             10           1
        STACK            0110-016F             60           1
        STRCODE          00C6-0122             5D           2
                         0800-1FFF           1800
        STRING           00C6-0122             3A           2
                         0800-1FFF            100

                                  Symbol Table

?___awdiv                cstackCOMMON 0070
?___awmod                cstackCOMMON 0070
?___lwdiv                cstackCOMMON 0070
?___lwmod                cstackCOMMON 0078
?___wmul                 cstackCOMMON 0070
?__doprnt                cstackBANK0  0048
?_atoi                   cstackCOMMON 0076
?_printf                 cstackCOMMON 0070
?_sprintf                cstackBANK0  0053
_ANSEL                   (abs)        0188
_ANSELH                  (abs)        0189
_BAUDCTLbits             (abs)        0187
_BFFR1                   bssBANK0     003E
_BFFR2                   bssBANK0     0034
_BFFR3                   bssBANK0     002A
_INTCONbits              (abs)        000B
_OSCCONbits              (abs)        008F
_PIR1bits                (abs)        000C
_PORTA                   (abs)        0005
_PORTB                   (abs)        0006
_PORTC                   (abs)        0007
_PORTCbits               (abs)        0007
_PORTD                   (abs)        0008
_PORTE                   (abs)        0009
_RCIF                    (abs)        0065
_RCREG                   (abs)        001A
_RCSTAbits               (abs)        0018
_SPBRG                   (abs)        0099
_SPBRGH                  (abs)        009A
_SSPBUF                  (abs)        0013
_SSPCON                  (abs)        0014
_SSPSTAT                 (abs)        0094
_SSPSTATbits             (abs)        0094
_TRISB                   (abs)        0086
_TRISC3                  (abs)        043B
_TRISC5                  (abs)        043D
_TRISCbits               (abs)        0087
_TRISD                   (abs)        0088
_TXIF                    (abs)        0064
_TXREG                   (abs)        0019
_TXSTAbits               (abs)        0098
_V1                      bssBANK0     0029
_V2                      bssBANK0     0028
__Habs1                  abs1         0018
__Hbank0                 bank0        0018
__Hbank1                 bank1        0018
__Hbank2                 bank2        0018
__Hbank3                 bank3        0018
__HbssBANK0              bssBANK0     0018
__Hcinit                 cinit        0800
__Hclrtext               clrtext      0018
__Hcode                  code         0018
__Hcommon                common       0018
__Hconfig                config       2009
__HcstackBANK0           cstackBANK0  0018
__HcstackCOMMON          cstackCOMMON 0018
__Heeprom_data           eeprom_data  0000
__Hend_init              end_init     0003
__Hfunctab               functab      000C
__Hinit                  init         0000
__Hintentry              intentry     0000
__Hmaintext              maintext     0018
__Hpowerup               powerup      0000
__Hram                   ram          0018
__Hreset_vec             reset_vec    0000
__Hsfr0                  sfr0         0018
__Hsfr1                  sfr1         0018
__Hsfr2                  sfr2         0018
__Hsfr3                  sfr3         0018
__Hspace_0               (abs)        0800
__Hspace_1               (abs)        007E
__Hspace_2               (abs)        0000
__Hspace_3               (abs)        0000
__Hspace_4               (abs)        4010
__Hstack                 stack        0000
__Hstrings               strings      0018
__Htext                  text         0018
__Labs1                  abs1         0018
__Lbank0                 bank0        0018
__Lbank1                 bank1        0018
__Lbank2                 bank2        0018
__Lbank3                 bank3        0018
__LbssBANK0              bssBANK0     0018
__Lcinit                 cinit        07F3
__Lclrtext               clrtext      0018
__Lcode                  code         0018
__Lcommon                common       0018
__Lconfig                config       0000
__LcstackBANK0           cstackBANK0  0018
__LcstackCOMMON          cstackCOMMON 0018
__Leeprom_data           eeprom_data  0000
__Lend_init              end_init     0000
__Lfunctab               functab      0003
__Linit                  init         0000
__Lintentry              intentry     0000
__Lmaintext              maintext     0018
__Lpowerup               powerup      0000
__Lram                   ram          0018
__Lreset_vec             reset_vec    0000
__Lsfr0                  sfr0         0018
__Lsfr1                  sfr1         0018
__Lsfr2                  sfr2         0018
__Lsfr3                  sfr3         0018
__Lspace_0               (abs)        0000
__Lspace_1               (abs)        0000
__Lspace_2               (abs)        0000
__Lspace_3               (abs)        0000
__Lspace_4               (abs)        0000
__Lstack                 stack        0000
__Lstrings               strings      0018
__Ltext                  text         0018
__S0                     (abs)        0800
__S1                     (abs)        007E
__S2                     (abs)        0000
__S3                     (abs)        0000
___awdiv                 text12       0453
___awdiv@counter         cstackCOMMON 0075
___awdiv@dividend        cstackCOMMON 0072
___awdiv@divisor         cstackCOMMON 0070
___awdiv@quotient        cstackCOMMON 0077
___awdiv@sign            cstackCOMMON 0076
___awmod                 text11       0394
___awmod@counter         cstackCOMMON 0075
___awmod@dividend        cstackCOMMON 0072
___awmod@divisor         cstackCOMMON 0070
___awmod@sign            cstackCOMMON 0076
___int_sp                stack        0000
___latbits               (abs)        0002
___lwdiv                 text20       02A4
___lwdiv@counter         cstackCOMMON 0077
___lwdiv@dividend        cstackCOMMON 0072
___lwdiv@divisor         cstackCOMMON 0070
___lwdiv@quotient        cstackCOMMON 0075
___lwmod                 text19       026A
___lwmod@counter         cstackCOMMON 007D
___lwmod@dividend        cstackCOMMON 007A
___lwmod@divisor         cstackCOMMON 0078
___sp                    stack        0000
___stackhi               (abs)        0000
___stacklo               (abs)        0000
___wmul                  text23       021C
___wmul@multiplicand     cstackCOMMON 0072
___wmul@multiplier       cstackCOMMON 0070
___wmul@product          cstackCOMMON 0074
__doprnt                 text17       0535
__doprnt@ap              cstackBANK0  0049
__doprnt@c               cstackBANK0  0051
__doprnt@f               cstackBANK0  0048
__doprnt@flag            cstackBANK0  004D
__doprnt@pb              cstackBANK0  0052
__doprnt@prec            cstackBANK0  004E
__doprnt@val             cstackBANK0  004F
__end_of___awdiv         text12       04BA
__end_of___awmod         text11       03ED
__end_of___lwdiv         text20       02E8
__end_of___lwmod         text19       02A4
__end_of___wmul          text23       0241
__end_of__doprnt         text17       0669
__end_of__fptable        functab      000C
__end_of__initialization cinit        07FC
__end_of__stringtab      strings      0012
__end_of_atoi            text21       0535
__end_of_checkC          text15       018C
__end_of_checkD          text14       01A6
__end_of_checkU          text13       01C0
__end_of_division        text10       0453
__end_of_dpowers         strings      001C
__end_of_isdigit         text22       015C
__end_of_main            maintext     07F3
__end_of_msj1            text9        033E
__end_of_msj2            text8        0394
__end_of_printf          text16       01DB
__end_of_putch           text18       0141
__end_of_setup           text6        01FB
__end_of_spiInit         text7        0172
__end_of_spiRead         text4        014A
__end_of_spiReceiveWait  text5        0130
__end_of_spiWrite        text3        0129
__end_of_sprintf         text2        021C
__end_of_strcat          text1        026A
__fptable                functab      0003
__initialization         cinit        07F3
__pbssBANK0              bssBANK0     0020
__pcstackBANK0           cstackBANK0  0048
__pcstackCOMMON          cstackCOMMON 0070
__pfunctab               functab      0003
__pmaintext              maintext     0669
__pstrings               strings      000C
__ptext1                 text1        0241
__ptext10                text10       03ED
__ptext11                text11       0394
__ptext12                text12       0453
__ptext13                text13       01A6
__ptext14                text14       018C
__ptext15                text15       0172
__ptext16                text16       01C0
__ptext17                text17       0535
__ptext18                text18       0138
__ptext19                text19       026A
__ptext2                 text2        01FB
__ptext20                text20       02A4
__ptext21                text21       04BA
__ptext22                text22       014A
__ptext23                text23       021C
__ptext3                 text3        0123
__ptext4                 text4        0141
__ptext5                 text5        0129
__ptext6                 text6        01DB
__ptext7                 text7        015C
__ptext8                 text8        033E
__ptext9                 text9        02E8
__size_of___awdiv        (abs)        0000
__size_of___awmod        (abs)        0000
__size_of___lwdiv        (abs)        0000
__size_of___lwmod        (abs)        0000
__size_of___wmul         (abs)        0000
__size_of__doprnt        (abs)        0000
__size_of__fptable       (abs)        0000
__size_of_atoi           (abs)        0000
__size_of_checkC         (abs)        0000
__size_of_checkD         (abs)        0000
__size_of_checkU         (abs)        0000
__size_of_division       (abs)        0000
__size_of_isdigit        (abs)        0000
__size_of_main           (abs)        0000
__size_of_msj1           (abs)        0000
__size_of_msj2           (abs)        0000
__size_of_printf         (abs)        0000
__size_of_putch          (abs)        0000
__size_of_setup          (abs)        0000
__size_of_spiInit        (abs)        0000
__size_of_spiRead        (abs)        0000
__size_of_spiReceiveWait (abs)        0000
__size_of_spiWrite       (abs)        0000
__size_of_sprintf        (abs)        0000
__size_of_strcat         (abs)        0000
__stringbase             strings      0011
__stringtab              strings      000C
_atoi                    text21       04BA
_cc                      bssBANK0     0024
_centena                 bssBANK0     0027
_checkC                  text15       0172
_checkD                  text14       018C
_checkU                  text13       01A6
_dd                      bssBANK0     0023
_decena                  bssBANK0     0026
_division                text10       03ED
_dpowers                 strings      0012
_isdigit                 text22       014A
_isdigit$1014            cstackCOMMON 0070
_main                    maintext     0669
_msj1                    text9        02E8
_msj2                    text8        033E
_printf                  text16       01C0
_putch                   text18       0138
_setup                   text6        01DB
_spiInit                 text7        015C
_spiRead                 text4        0141
_spiReceiveWait          text5        0129
_spiWrite                text3        0123
_sprintf                 text2        01FB
_strcat                  text1        0241
_unidad                  bssBANK0     0025
_uu                      bssBANK0     0022
_variable                bssBANK0     0020
atoi@a                   cstackCOMMON 007B
atoi@s                   cstackCOMMON 007D
atoi@sign                cstackCOMMON 007A
btemp                    (abs)        007E
clear_ram0               clrtext      0130
division@valor           cstackCOMMON 007C
end_of_initialization    cinit        07FC
fpbase                   functab      0008
fptable                  functab      0003
fptotal                  (abs)        0002
intlevel0                functab      0003
intlevel1                functab      0003
intlevel2                functab      0003
intlevel3                functab      0003
intlevel4                functab      0003
intlevel5                functab      0003
isdigit@c                cstackCOMMON 0071
printf@ap                cstackBANK0  0055
printf@f                 cstackBANK0  0056
printf@pb                cstackBANK0  0057
putch@dato               cstackCOMMON 0070
reset_vec                reset_vec    0000
spiInit@sClockIdle       cstackCOMMON 0071
spiInit@sDataSample      cstackCOMMON 0070
spiInit@sTransmitEdge    cstackCOMMON 0072
spiInit@sType            cstackCOMMON 0073
spiWrite@dat             cstackCOMMON 0070
sprintf@ap               cstackBANK0  0058
sprintf@f                cstackBANK0  0053
sprintf@pb               cstackBANK0  005A
sprintf@wh               cstackBANK0  0059
start                    init         0000
start_initialization     cinit        07F3
strcat@cp                cstackCOMMON 0073
strcat@from              cstackCOMMON 0070
strcat@to                cstackCOMMON 0072
wtemp0                   (abs)        007E


FUNCTION INFORMATION:

 *************** function _main *****************
 Defined at:
		line 64 in file "mainM.c"
 Parameters:    Size  Location     Type
		None
 Auto vars:     Size  Location     Type
		None
 Return value:  Size  Location     Type
                  1    wreg      void 
 Registers used:
		wreg, fsr0l, fsr0h, status,2, status,0, btemp+1, pclath, cstack
 Tracked objects:
		On entry : 
		On exit  : 
		Unchanged: 
 Data sizes:     COMMON   BANK0   BANK1   BANK3   BANK2
      Params:         0       0       0       0       0
      Locals:         0       0       0       0       0
      Temps:          0       3       0       0       0
      Totals:         0       3       0       0       0
Total ram usage:        3 bytes
 Hardware stack levels required when called:    4
 This function calls:
		_atoi
		_checkC
		_checkD
		_checkU
		_division
		_msj1
		_msj2
		_printf
		_setup
		_spiRead
		_spiWrite
		_sprintf
		_strcat
 This function is called by:
		Startup code after reset
 This function uses a non-reentrant model


 *************** function _strcat *****************
 Defined at:
		line 8 in file "C:\Program Files\Microchip\xc8\v2.31\pic\sources\c90\common\strcat.c"
 Parameters:    Size  Location     Type
  to              1    wreg     PTR unsigned char 
		 -> BFFR1(10), 
  from            1    0[COMMON] PTR const unsigned char 
		 -> BFFR3(10), BFFR2(10), 
 Auto vars:     Size  Location     Type
  to              1    2[COMMON] PTR unsigned char 
		 -> BFFR1(10), 
  cp              1    3[COMMON] PTR unsigned char 
		 -> BFFR1(10), 
 Return value:  Size  Location     Type
                  1    wreg      PTR unsigned char 
 Registers used:
		wreg, fsr0l, fsr0h, status,2, status,0
 Tracked objects:
		On entry : 
		On exit  : 
		Unchanged: 
 Data sizes:     COMMON   BANK0   BANK1   BANK3   BANK2
      Params:         1       0       0       0       0
      Locals:         2       0       0       0       0
      Temps:          1       0       0       0       0
      Totals:         4       0       0       0       0
Total ram usage:        4 bytes
 Hardware stack levels used:    1
 This function calls:
		Nothing
 This function is called by:
		_main
 This function uses a non-reentrant model


 *************** function _sprintf *****************
 Defined at:
		line 13 in file "C:\Program Files\Microchip\xc8\v2.31\pic\sources\c90\common\sprintf.c"
 Parameters:    Size  Location     Type
  wh              1    wreg     PTR unsigned char 
		 -> BFFR3(10), BFFR2(10), BFFR1(10), 
  f               1   11[BANK0 ] PTR const unsigned char 
		 -> STR_6(3), STR_5(3), STR_4(3), 
 Auto vars:     Size  Location     Type
  wh              1   17[BANK0 ] PTR unsigned char 
		 -> BFFR3(10), BFFR2(10), BFFR1(10), 
  pb              2   18[BANK0 ] struct __prbuf
  ap              1   16[BANK0 ] PTR void [1]
		 -> ?_sprintf(2), ?_printf(2), 
 Return value:  Size  Location     Type
                  2   11[BANK0 ] int 
 Registers used:
		wreg, fsr0l, fsr0h, status,2, status,0, btemp+1, pclath, cstack
 Tracked objects:
		On entry : 
		On exit  : 
		Unchanged: 
 Data sizes:     COMMON   BANK0   BANK1   BANK3   BANK2
      Params:         0       3       0       0       0
      Locals:         0       4       0       0       0
      Temps:          0       2       0       0       0
      Totals:         0       9       0       0       0
Total ram usage:        9 bytes
 Hardware stack levels used:    1
 Hardware stack levels required when called:    2
 This function calls:
		__doprnt
 This function is called by:
		_main
 This function uses a non-reentrant model


 *************** function _spiWrite *****************
 Defined at:
		line 33 in file "SPI.c"
 Parameters:    Size  Location     Type
  dat             1    wreg     unsigned char 
 Auto vars:     Size  Location     Type
  dat             1    0[COMMON] unsigned char 
 Return value:  Size  Location     Type
                  1    wreg      void 
 Registers used:
		wreg
 Tracked objects:
		On entry : 
		On exit  : 
		Unchanged: 
 Data sizes:     COMMON   BANK0   BANK1   BANK3   BANK2
      Params:         0       0       0       0       0
      Locals:         1       0       0       0       0
      Temps:          0       0       0       0       0
      Totals:         1       0       0       0       0
Total ram usage:        1 bytes
 Hardware stack levels used:    1
 This function calls:
		Nothing
 This function is called by:
		_main
 This function uses a non-reentrant model


 *************** function _spiRead *****************
 Defined at:
		line 46 in file "SPI.c"
 Parameters:    Size  Location     Type
		None
 Auto vars:     Size  Location     Type
		None
 Return value:  Size  Location     Type
                  1    wreg      unsigned char 
 Registers used:
		wreg, status,2, status,0, pclath, cstack
 Tracked objects:
		On entry : 
		On exit  : 
		Unchanged: 
 Data sizes:     COMMON   BANK0   BANK1   BANK3   BANK2
      Params:         0       0       0       0       0
      Locals:         0       0       0       0       0
      Temps:          0       0       0       0       0
      Totals:         0       0       0       0       0
Total ram usage:        0 bytes
 Hardware stack levels used:    1
 Hardware stack levels required when called:    1
 This function calls:
		_spiReceiveWait
 This function is called by:
		_main
 This function uses a non-reentrant model


 *************** function _spiReceiveWait *****************
 Defined at:
		line 28 in file "SPI.c"
 Parameters:    Size  Location     Type
		None
 Auto vars:     Size  Location     Type
		None
 Return value:  Size  Location     Type
                  1    wreg      void 
 Registers used:
		None
 Tracked objects:
		On entry : 
		On exit  : 
		Unchanged: 
 Data sizes:     COMMON   BANK0   BANK1   BANK3   BANK2
      Params:         0       0       0       0       0
      Locals:         0       0       0       0       0
      Temps:          0       0       0       0       0
      Totals:         0       0       0       0       0
Total ram usage:        0 bytes
 Hardware stack levels used:    1
 This function calls:
		Nothing
 This function is called by:
		_spiRead
 This function uses a non-reentrant model


 *************** function _setup *****************
 Defined at:
		line 135 in file "mainM.c"
 Parameters:    Size  Location     Type
		None
 Auto vars:     Size  Location     Type
		None
 Return value:  Size  Location     Type
                  1    wreg      void 
 Registers used:
		wreg, status,2, status,0, pclath, cstack
 Tracked objects:
		On entry : 
		On exit  : 
		Unchanged: 
 Data sizes:     COMMON   BANK0   BANK1   BANK3   BANK2
      Params:         0       0       0       0       0
      Locals:         0       0       0       0       0
      Temps:          0       0       0       0       0
      Totals:         0       0       0       0       0
Total ram usage:        0 bytes
 Hardware stack levels used:    1
 Hardware stack levels required when called:    1
 This function calls:
		_spiInit
 This function is called by:
		_main
 This function uses a non-reentrant model


 *************** function _spiInit *****************
 Defined at:
		line 11 in file "SPI.c"
 Parameters:    Size  Location     Type
  sType           1    wreg     enum E1264
  sDataSample     1    0[COMMON] enum E1272
  sClockIdle      1    1[COMMON] enum E1276
  sTransmitEdg    1    2[COMMON] enum E1280
 Auto vars:     Size  Location     Type
  sType           1    3[COMMON] enum E1264
 Return value:  Size  Location     Type
                  1    wreg      void 
 Registers used:
		wreg, status,2, status,0
 Tracked objects:
		On entry : 
		On exit  : 
		Unchanged: 
 Data sizes:     COMMON   BANK0   BANK1   BANK3   BANK2
      Params:         3       0       0       0       0
      Locals:         1       0       0       0       0
      Temps:          0       0       0       0       0
      Totals:         4       0       0       0       0
Total ram usage:        4 bytes
 Hardware stack levels used:    1
 This function calls:
		Nothing
 This function is called by:
		_setup
 This function uses a non-reentrant model


 *************** function _msj2 *****************
 Defined at:
		line 194 in file "mainM.c"
 Parameters:    Size  Location     Type
		None
 Auto vars:     Size  Location     Type
		None
 Return value:  Size  Location     Type
                  1    wreg      void 
 Registers used:
		wreg, fsr0l, fsr0h, status,2, status,0, btemp+1, pclath, cstack
 Tracked objects:
		On entry : 
		On exit  : 
		Unchanged: 
 Data sizes:     COMMON   BANK0   BANK1   BANK3   BANK2
      Params:         0       0       0       0       0
      Locals:         0       0       0       0       0
      Temps:          0       2       0       0       0
      Totals:         0       2       0       0       0
Total ram usage:        2 bytes
 Hardware stack levels used:    1
 Hardware stack levels required when called:    3
 This function calls:
		_printf
 This function is called by:
		_main
 This function uses a non-reentrant model


 *************** function _msj1 *****************
 Defined at:
		line 178 in file "mainM.c"
 Parameters:    Size  Location     Type
		None
 Auto vars:     Size  Location     Type
		None
 Return value:  Size  Location     Type
                  1    wreg      void 
 Registers used:
		wreg, fsr0l, fsr0h, status,2, status,0, btemp+1, pclath, cstack
 Tracked objects:
		On entry : 
		On exit  : 
		Unchanged: 
 Data sizes:     COMMON   BANK0   BANK1   BANK3   BANK2
      Params:         0       0       0       0       0
      Locals:         0       0       0       0       0
      Temps:          0       2       0       0       0
      Totals:         0       2       0       0       0
Total ram usage:        2 bytes
 Hardware stack levels used:    1
 Hardware stack levels required when called:    3
 This function calls:
		_printf
 This function is called by:
		_main
 This function uses a non-reentrant model


 *************** function _division *****************
 Defined at:
		line 161 in file "mainM.c"
 Parameters:    Size  Location     Type
  valor           1    wreg     unsigned char 
 Auto vars:     Size  Location     Type
  valor           1   12[COMMON] unsigned char 
 Return value:  Size  Location     Type
                  1    wreg      void 
 Registers used:
		wreg, status,2, status,0, pclath, cstack
 Tracked objects:
		On entry : 
		On exit  : 
		Unchanged: 
 Data sizes:     COMMON   BANK0   BANK1   BANK3   BANK2
      Params:         0       0       0       0       0
      Locals:         1       0       0       0       0
      Temps:          3       0       0       0       0
      Totals:         4       0       0       0       0
Total ram usage:        4 bytes
 Hardware stack levels used:    1
 Hardware stack levels required when called:    1
 This function calls:
		___awdiv
		___awmod
 This function is called by:
		_main
 This function uses a non-reentrant model


 *************** function ___awmod *****************
 Defined at:
		line 5 in file "C:\Program Files\Microchip\xc8\v2.31\pic\sources\c90\common\awmod.c"
 Parameters:    Size  Location     Type
  divisor         2    0[COMMON] int 
  dividend        2    2[COMMON] int 
 Auto vars:     Size  Location     Type
  sign            1    6[COMMON] unsigned char 
  counter         1    5[COMMON] unsigned char 
 Return value:  Size  Location     Type
                  2    0[COMMON] int 
 Registers used:
		wreg, status,2, status,0
 Tracked objects:
		On entry : 
		On exit  : 
		Unchanged: 
 Data sizes:     COMMON   BANK0   BANK1   BANK3   BANK2
      Params:         4       0       0       0       0
      Locals:         2       0       0       0       0
      Temps:          1       0       0       0       0
      Totals:         7       0       0       0       0
Total ram usage:        7 bytes
 Hardware stack levels used:    1
 This function calls:
		Nothing
 This function is called by:
		_division
 This function uses a non-reentrant model


 *************** function ___awdiv *****************
 Defined at:
		line 5 in file "C:\Program Files\Microchip\xc8\v2.31\pic\sources\c90\common\awdiv.c"
 Parameters:    Size  Location     Type
  divisor         2    0[COMMON] int 
  dividend        2    2[COMMON] int 
 Auto vars:     Size  Location     Type
  quotient        2    7[COMMON] int 
  sign            1    6[COMMON] unsigned char 
  counter         1    5[COMMON] unsigned char 
 Return value:  Size  Location     Type
                  2    0[COMMON] int 
 Registers used:
		wreg, status,2, status,0
 Tracked objects:
		On entry : 
		On exit  : 
		Unchanged: 
 Data sizes:     COMMON   BANK0   BANK1   BANK3   BANK2
      Params:         4       0       0       0       0
      Locals:         4       0       0       0       0
      Temps:          1       0       0       0       0
      Totals:         9       0       0       0       0
Total ram usage:        9 bytes
 Hardware stack levels used:    1
 This function calls:
		Nothing
 This function is called by:
		_division
 This function uses a non-reentrant model


 *************** function _checkU *****************
 Defined at:
		line 226 in file "mainM.c"
 Parameters:    Size  Location     Type
		None
 Auto vars:     Size  Location     Type
		None
 Return value:  Size  Location     Type
                  1    wreg      void 
 Registers used:
		wreg, fsr0l, fsr0h, status,2, status,0, btemp+1, pclath, cstack
 Tracked objects:
		On entry : 
		On exit  : 
		Unchanged: 
 Data sizes:     COMMON   BANK0   BANK1   BANK3   BANK2
      Params:         0       0       0       0       0
      Locals:         0       0       0       0       0
      Temps:          0       1       0       0       0
      Totals:         0       1       0       0       0
Total ram usage:        1 bytes
 Hardware stack levels used:    1
 Hardware stack levels required when called:    3
 This function calls:
		_printf
 This function is called by:
		_main
 This function uses a non-reentrant model


 *************** function _checkD *****************
 Defined at:
		line 218 in file "mainM.c"
 Parameters:    Size  Location     Type
		None
 Auto vars:     Size  Location     Type
		None
 Return value:  Size  Location     Type
                  1    wreg      void 
 Registers used:
		wreg, fsr0l, fsr0h, status,2, status,0, btemp+1, pclath, cstack
 Tracked objects:
		On entry : 
		On exit  : 
		Unchanged: 
 Data sizes:     COMMON   BANK0   BANK1   BANK3   BANK2
      Params:         0       0       0       0       0
      Locals:         0       0       0       0       0
      Temps:          0       1       0       0       0
      Totals:         0       1       0       0       0
Total ram usage:        1 bytes
 Hardware stack levels used:    1
 Hardware stack levels required when called:    3
 This function calls:
		_printf
 This function is called by:
		_main
 This function uses a non-reentrant model


 *************** function _checkC *****************
 Defined at:
		line 210 in file "mainM.c"
 Parameters:    Size  Location     Type
		None
 Auto vars:     Size  Location     Type
		None
 Return value:  Size  Location     Type
                  1    wreg      void 
 Registers used:
		wreg, fsr0l, fsr0h, status,2, status,0, btemp+1, pclath, cstack
 Tracked objects:
		On entry : 
		On exit  : 
		Unchanged: 
 Data sizes:     COMMON   BANK0   BANK1   BANK3   BANK2
      Params:         0       0       0       0       0
      Locals:         0       0       0       0       0
      Temps:          0       1       0       0       0
      Totals:         0       1       0       0       0
Total ram usage:        1 bytes
 Hardware stack levels used:    1
 Hardware stack levels required when called:    3
 This function calls:
		_printf
 This function is called by:
		_main
 This function uses a non-reentrant model


 *************** function _printf *****************
 Defined at:
		line 13 in file "C:\Program Files\Microchip\xc8\v2.31\pic\sources\c90\common\printf.c"
 Parameters:    Size  Location     Type
  f               1    wreg     PTR const unsigned char 
		 -> STR_15(34), STR_14(34), STR_13(28), STR_12(3), 
		 -> STR_11(2), STR_10(7), STR_9(3), STR_8(2), 
		 -> STR_7(8), STR_3(28), STR_2(28), STR_1(29), 
 Auto vars:     Size  Location     Type
  f               1   14[BANK0 ] PTR const unsigned char 
		 -> STR_15(34), STR_14(34), STR_13(28), STR_12(3), 
		 -> STR_11(2), STR_10(7), STR_9(3), STR_8(2), 
		 -> STR_7(8), STR_3(28), STR_2(28), STR_1(29), 
  pb              2   15[BANK0 ] struct __prbuf
  ap              1   13[BANK0 ] PTR void [1]
		 -> ?_sprintf(2), ?_printf(2), 
 Return value:  Size  Location     Type
                  2   18[None  ] int 
 Registers used:
		wreg, fsr0l, fsr0h, status,2, status,0, btemp+1, pclath, cstack
 Tracked objects:
		On entry : 
		On exit  : 
		Unchanged: 
 Data sizes:     COMMON   BANK0   BANK1   BANK3   BANK2
      Params:         0       0       0       0       0
      Locals:         0       4       0       0       0
      Temps:          0       2       0       0       0
      Totals:         0       6       0       0       0
Total ram usage:        6 bytes
 Hardware stack levels used:    1
 Hardware stack levels required when called:    2
 This function calls:
		__doprnt
 This function is called by:
		_main
		_msj1
		_msj2
		_checkC
		_checkD
		_checkU
 This function uses a non-reentrant model


 *************** function __doprnt *****************
 Defined at:
		line 471 in file "C:\Program Files\Microchip\xc8\v2.31\pic\sources\c90\common\doprnt.c"
 Parameters:    Size  Location     Type
  pb              1    wreg     PTR struct __prbuf
		 -> sprintf@pb(2), printf@pb(2), 
  f               1    0[BANK0 ] PTR const unsigned char 
		 -> STR_15(34), STR_14(34), STR_13(28), STR_12(3), 
		 -> STR_11(2), STR_10(7), STR_9(3), STR_8(2), 
		 -> STR_7(8), STR_6(3), STR_5(3), STR_4(3), 
		 -> STR_3(28), STR_2(28), STR_1(29), 
  ap              1    1[BANK0 ] PTR PTR void 
		 -> sprintf@ap(1), printf@ap(1), 
 Auto vars:     Size  Location     Type
  pb              1   10[BANK0 ] PTR struct __prbuf
		 -> sprintf@pb(2), printf@pb(2), 
  tmpval          4    0        struct .
  val             2    7[BANK0 ] unsigned int 
  cp              2    0        PTR const unsigned char 
  len             2    0        unsigned int 
  c               1    9[BANK0 ] unsigned char 
  prec            1    6[BANK0 ] char 
  flag            1    5[BANK0 ] unsigned char 
 Return value:  Size  Location     Type
                  2    0[BANK0 ] int 
 Registers used:
		wreg, fsr0l, fsr0h, status,2, status,0, btemp+1, pclath, cstack
 Tracked objects:
		On entry : 
		On exit  : 
		Unchanged: 
 Data sizes:     COMMON   BANK0   BANK1   BANK3   BANK2
      Params:         0       2       0       0       0
      Locals:         0       6       0       0       0
      Temps:          0       3       0       0       0
      Totals:         0      11       0       0       0
Total ram usage:       11 bytes
 Hardware stack levels used:    1
 Hardware stack levels required when called:    1
 This function calls:
		Absolute function
		___lwdiv
		___lwmod
		_putch
 This function is called by:
		_printf
		_sprintf
 This function uses a non-reentrant model


 *************** function _putch *****************
 Defined at:
		line 172 in file "mainM.c"
 Parameters:    Size  Location     Type
  dato            1    0[COMMON] unsigned char 
 Auto vars:     Size  Location     Type
		None
 Return value:  Size  Location     Type
                  1    wreg      void 
 Registers used:
		wreg
 Tracked objects:
		On entry : 
		On exit  : 
		Unchanged: 
 Data sizes:     COMMON   BANK0   BANK1   BANK3   BANK2
      Params:         1       0       0       0       0
      Locals:         0       0       0       0       0
      Temps:          0       0       0       0       0
      Totals:         1       0       0       0       0
Total ram usage:        1 bytes
 Hardware stack levels used:    1
 This function calls:
		Nothing
 This function is called by:
		_printf
		__doprnt
 This function uses a non-reentrant model


 *************** function ___lwmod *****************
 Defined at:
		line 5 in file "C:\Program Files\Microchip\xc8\v2.31\pic\sources\c90\common\lwmod.c"
 Parameters:    Size  Location     Type
  divisor         2    8[COMMON] unsigned int 
  dividend        2   10[COMMON] unsigned int 
 Auto vars:     Size  Location     Type
  counter         1   13[COMMON] unsigned char 
 Return value:  Size  Location     Type
                  2    8[COMMON] unsigned int 
 Registers used:
		wreg, status,2, status,0
 Tracked objects:
		On entry : 
		On exit  : 
		Unchanged: 
 Data sizes:     COMMON   BANK0   BANK1   BANK3   BANK2
      Params:         4       0       0       0       0
      Locals:         1       0       0       0       0
      Temps:          1       0       0       0       0
      Totals:         6       0       0       0       0
Total ram usage:        6 bytes
 Hardware stack levels used:    1
 This function calls:
		Nothing
 This function is called by:
		__doprnt
 This function uses a non-reentrant model


 *************** function ___lwdiv *****************
 Defined at:
		line 5 in file "C:\Program Files\Microchip\xc8\v2.31\pic\sources\c90\common\lwdiv.c"
 Parameters:    Size  Location     Type
  divisor         2    0[COMMON] unsigned int 
  dividend        2    2[COMMON] unsigned int 
 Auto vars:     Size  Location     Type
  quotient        2    5[COMMON] unsigned int 
  counter         1    7[COMMON] unsigned char 
 Return value:  Size  Location     Type
                  2    0[COMMON] unsigned int 
 Registers used:
		wreg, status,2, status,0
 Tracked objects:
		On entry : 
		On exit  : 
		Unchanged: 
 Data sizes:     COMMON   BANK0   BANK1   BANK3   BANK2
      Params:         4       0       0       0       0
      Locals:         3       0       0       0       0
      Temps:          1       0       0       0       0
      Totals:         8       0       0       0       0
Total ram usage:        8 bytes
 Hardware stack levels used:    1
 This function calls:
		Nothing
 This function is called by:
		__doprnt
 This function uses a non-reentrant model


 *************** function _atoi *****************
 Defined at:
		line 5 in file "C:\Program Files\Microchip\xc8\v2.31\pic\sources\c90\common\atoi.c"
 Parameters:    Size  Location     Type
  s               1    wreg     PTR const unsigned char 
		 -> BFFR1(10), 
 Auto vars:     Size  Location     Type
  s               1   13[COMMON] PTR const unsigned char 
		 -> BFFR1(10), 
  a               2   11[COMMON] int 
  sign            1   10[COMMON] unsigned char 
 Return value:  Size  Location     Type
                  2    6[COMMON] int 
 Registers used:
		wreg, fsr0l, fsr0h, status,2, status,0, pclath, cstack
 Tracked objects:
		On entry : 
		On exit  : 
		Unchanged: 
 Data sizes:     COMMON   BANK0   BANK1   BANK3   BANK2
      Params:         2       0       0       0       0
      Locals:         4       0       0       0       0
      Temps:          2       0       0       0       0
      Totals:         8       0       0       0       0
Total ram usage:        8 bytes
 Hardware stack levels used:    1
 Hardware stack levels required when called:    1
 This function calls:
		___wmul
		_isdigit
 This function is called by:
		_main
 This function uses a non-reentrant model


 *************** function _isdigit *****************
 Defined at:
		line 8 in file "C:\Program Files\Microchip\xc8\v2.31\pic\sources\c90\common\isdigit.c"
 Parameters:    Size  Location     Type
  c               1    wreg     unsigned char 
 Auto vars:     Size  Location     Type
  c               1    1[COMMON] unsigned char 
 Return value:  Size  Location     Type
		None               void
 Registers used:
		wreg, status,2, status,0
 Tracked objects:
		On entry : 
		On exit  : 
		Unchanged: 
 Data sizes:     COMMON   BANK0   BANK1   BANK3   BANK2
      Params:         0       0       0       0       0
      Locals:         2       0       0       0       0
      Temps:          0       0       0       0       0
      Totals:         2       0       0       0       0
Total ram usage:        2 bytes
 Hardware stack levels used:    1
 This function calls:
		Nothing
 This function is called by:
		_atoi
 This function uses a non-reentrant model


 *************** function ___wmul *****************
 Defined at:
		line 15 in file "C:\Program Files\Microchip\xc8\v2.31\pic\sources\c90\common\Umul16.c"
 Parameters:    Size  Location     Type
  multiplier      2    0[COMMON] unsigned int 
  multiplicand    2    2[COMMON] unsigned int 
 Auto vars:     Size  Location     Type
  product         2    4[COMMON] unsigned int 
 Return value:  Size  Location     Type
                  2    0[COMMON] unsigned int 
 Registers used:
		wreg, status,2, status,0
 Tracked objects:
		On entry : 
		On exit  : 
		Unchanged: 
 Data sizes:     COMMON   BANK0   BANK1   BANK3   BANK2
      Params:         4       0       0       0       0
      Locals:         2       0       0       0       0
      Temps:          0       0       0       0       0
      Totals:         6       0       0       0       0
Total ram usage:        6 bytes
 Hardware stack levels used:    1
 This function calls:
		Nothing
 This function is called by:
		_atoi
 This function uses a non-reentrant model



MODULE INFORMATION

Module		Function		Class		Link	Load	Size
C:\Program Files\Microchip\xc8\v2.31\pic\sources\c90\common\doprnt.c
		__doprnt       		CODE           	0535	0000	308

C:\Program Files\Microchip\xc8\v2.31\pic\sources\c90\common\doprnt.c estimated size: 308

C:\Program Files\Microchip\xc8\v2.31\pic\sources\c90\common\lwmod.c
		___lwmod       		CODE           	026A	0000	58

C:\Program Files\Microchip\xc8\v2.31\pic\sources\c90\common\lwmod.c estimated size: 58

C:\Program Files\Microchip\xc8\v2.31\pic\sources\c90\common\awmod.c
		___awmod       		CODE           	0394	0000	89

C:\Program Files\Microchip\xc8\v2.31\pic\sources\c90\common\awmod.c estimated size: 89

C:\Program Files\Microchip\xc8\v2.31\pic\sources\c90\common\Umul16.c
		___wmul        		CODE           	021C	0000	37

C:\Program Files\Microchip\xc8\v2.31\pic\sources\c90\common\Umul16.c estimated size: 37

mainM.c
		_checkD        		CODE           	018C	0000	26
		_putch         		CODE           	0138	0000	9
		_main          		CODE           	0669	0000	394
		_msj1          		CODE           	02E8	0000	86
		_msj2          		CODE           	033E	0000	86
		_checkC        		CODE           	0172	0000	26
		_division      		CODE           	03ED	0000	102
		_setup         		CODE           	01DB	0000	32
		_checkU        		CODE           	01A6	0000	26

mainM.c estimated size: 787

C:\Program Files\Microchip\xc8\v2.31\pic\sources\c90\common\isdigit.c
		_isdigit       		CODE           	014A	0000	18

C:\Program Files\Microchip\xc8\v2.31\pic\sources\c90\common\isdigit.c estimated size: 18

C:\Program Files\Microchip\xc8\v2.31\pic\sources\c90\common\atoi.c
		_atoi          		CODE           	04BA	0000	123

C:\Program Files\Microchip\xc8\v2.31\pic\sources\c90\common\atoi.c estimated size: 123

C:\Program Files\Microchip\xc8\v2.31\pic\sources\c90\common\strcat.c
		_strcat        		CODE           	0241	0000	41

C:\Program Files\Microchip\xc8\v2.31\pic\sources\c90\common\strcat.c estimated size: 41

C:\Program Files\Microchip\xc8\v2.31\pic\sources\c90\common\sprintf.c
		_sprintf       		CODE           	01FB	0000	33

C:\Program Files\Microchip\xc8\v2.31\pic\sources\c90\common\sprintf.c estimated size: 33

C:\Program Files\Microchip\xc8\v2.31\pic\sources\c90\common\lwdiv.c
		___lwdiv       		CODE           	02A4	0000	68

C:\Program Files\Microchip\xc8\v2.31\pic\sources\c90\common\lwdiv.c estimated size: 68

C:\Program Files\Microchip\xc8\v2.31\pic\sources\c90\common\awdiv.c
		___awdiv       		CODE           	0453	0000	103

C:\Program Files\Microchip\xc8\v2.31\pic\sources\c90\common\awdiv.c estimated size: 103

shared
		__stringtab    		STRING         	000C	0000	6
		_dpowers       		STRING         	0012	0000	10
		__initialization		CODE           	07F3	0000	9
		__fptable      		ENTRY          	0003	0000	9

shared estimated size: 34

C:\Program Files\Microchip\xc8\v2.31\pic\sources\c90\common\printf.c
		_printf        		CODE           	01C0	0000	27

C:\Program Files\Microchip\xc8\v2.31\pic\sources\c90\common\printf.c estimated size: 27

SPI.c
		_spiWrite      		CODE           	0123	0000	6
		_spiInit       		CODE           	015C	0000	22
		_spiReceiveWait		CODE           	0129	0000	7
		_spiRead       		CODE           	0141	0000	9

SPI.c estimated size: 44

