******************************************************************************
                  TI ARM Linker PC v20.2.5                     
******************************************************************************
>> Linked Thu Nov  4 21:21:53 2021

OUTPUT FILE NAME:   <Laboratorio9.out>
ENTRY POINT SYMBOL: "_c_int00_noargs"  address: 000009e9


MEMORY CONFIGURATION

         name            origin    length      used     unused   attr    fill
----------------------  --------  ---------  --------  --------  ----  --------
  FLASH                 00000000   00040000  00000c3e  0003f3c2  R  X
  SRAM                  20000000   00008000  00000209  00007df7  RW X


SEGMENT ALLOCATION MAP

run origin  load origin   length   init length attrs members
----------  ----------- ---------- ----------- ----- -------
00000000    00000000    00000c40   00000c40    r-x
  00000000    00000000    0000026c   0000026c    r-- .intvecs
  0000026c    0000026c    000008c6   000008c6    r-x .text
  00000b34    00000b34    000000dc   000000dc    r-- .const
  00000c10    00000c10    00000030   00000030    r-- .cinit
20000000    20000000    0000020c   00000000    rw-
  20000000    20000000    00000200   00000000    rw- .stack
  20000200    20000200    00000005   00000000    rw- .data
  20000208    20000208    00000004   00000000    rw- .bss


SECTION ALLOCATION MAP

 output                                  attributes/
section   page    origin      length       input sections
--------  ----  ----------  ----------   ----------------
.intvecs   0    00000000    0000026c     
                  00000000    0000026c     tm4c123gh6pm_startup_ccs.obj (.intvecs)

.text      0    0000026c    000008c6     
                  0000026c    00000200     main.obj (.text)
                  0000046c    00000132     driverlib.lib : gpio.obj (.text:GPIOPadConfigSet)
                  0000059e    00000002     --HOLE-- [fill = 0]
                  000005a0    00000110                   : sysctl.obj (.text:SysCtlClockGet)
                  000006b0    000000f4                   : sysctl.obj (.text:SysCtlClockSet)
                  000007a4    0000009c     rtsv7M4_T_le_v4SPD16_eabi.lib : memcpy_t2.asm.obj (.text)
                  00000840    00000068     driverlib.lib : interrupt.obj (.text:IntEnable)
                  000008a8    00000068     rtsv7M4_T_le_v4SPD16_eabi.lib : copy_decompress_lzss.c.obj (.text:decompress:lzss:__TI_decompress_lzss)
                  00000910    00000060     driverlib.lib : timer.obj (.text:TimerConfigure)
                  00000970    00000044     rtsv7M4_T_le_v4SPD16_eabi.lib : autoinit.c.obj (.text:__TI_auto_init_nobinit_nopinit:__TI_auto_init_nobinit_nopinit)
                  000009b4    00000034     driverlib.lib : sysctl.obj (.text:SysCtlPeripheralEnable)
                  000009e8    00000034     rtsv7M4_T_le_v4SPD16_eabi.lib : boot_cortex_m.c.obj (.text:_c_int00_noargs:_c_int00_noargs)
                  00000a1c    0000002a     driverlib.lib : gpio.obj (.text:GPIODirModeSet)
                  00000a46    0000001c     rtsv7M4_T_le_v4SPD16_eabi.lib : copy_zero_init.c.obj (.text:decompress:ZI:__TI_zero_init_nomemset:__TI_zero_init_nomemset)
                  00000a62    00000018     driverlib.lib : gpio.obj (.text:GPIOPinTypeGPIOOutput)
                  00000a7a    00000002     --HOLE-- [fill = 0]
                  00000a7c    00000014                   : systick.obj (.text:SysTickDisable)
                  00000a90    00000014                   : systick.obj (.text:SysTickEnable)
                  00000aa4    00000012                   : timer.obj (.text:TimerLoadSet)
                  00000ab6    00000010                   : interrupt.obj (.text:IntMasterEnable)
                  00000ac6    00000002     --HOLE-- [fill = 0]
                  00000ac8    00000010                   : systick.obj (.text:SysTickPeriodSet)
                  00000ad8    0000000e                   : timer.obj (.text:TimerEnable)
                  00000ae6    0000000e     rtsv7M4_T_le_v4SPD16_eabi.lib : copy_decompress_none.c.obj (.text:decompress:none:__TI_decompress_none)
                  00000af4    0000000c     driverlib.lib : cpu.obj (.text:CPUcpsie)
                  00000b00    0000000c     tm4c123gh6pm_startup_ccs.obj (.text)
                  00000b0c    00000008     driverlib.lib : timer.obj (.text:TimerIntEnable)
                  00000b14    00000006                   : gpio.obj (.text:GPIOPinRead)
                  00000b1a    00000006                   : gpio.obj (.text:GPIOPinWrite)
                  00000b20    00000006                   : sysctl.obj (.text:SysCtlDelay)
                  00000b26    00000004                   : timer.obj (.text:TimerIntClear)
                  00000b2a    00000004     rtsv7M4_T_le_v4SPD16_eabi.lib : pre_init.c.obj (.text:_system_pre_init)
                  00000b2e    00000004                                   : exit.c.obj (.text:abort:abort)

.const     0    00000b34    000000dc     
                  00000b34    00000070     driverlib.lib : interrupt.obj (.const)
                  00000ba4    0000006c                   : sysctl.obj (.const:g_pui32Xtals)

.cinit     0    00000c10    00000030     
                  00000c10    0000000c     (__TI_handler_table)
                  00000c1c    00000004     --HOLE-- [fill = 0]
                  00000c20    00000008     (.cinit..bss.load) [load image, compression = zero_init]
                  00000c28    00000007     (.cinit..data.load) [load image, compression = lzss]
                  00000c2f    00000001     --HOLE-- [fill = 0]
                  00000c30    00000010     (__TI_cinit_table)

.init_array 
*          0    00000000    00000000     UNINITIALIZED

.data      0    20000200    00000005     UNINITIALIZED
                  20000200    00000005     main.obj (.data)

.bss       0    20000208    00000004     UNINITIALIZED
                  20000208    00000004     (.common:ui32Period)

.stack     0    20000000    00000200     UNINITIALIZED
                  20000000    00000004     rtsv7M4_T_le_v4SPD16_eabi.lib : boot_cortex_m.c.obj (.stack)
                  20000004    000001fc     --HOLE--

__llvm_prf_cnts 
*          0    20000000    00000000     UNINITIALIZED

MODULE SUMMARY

       Module                         code   ro data   rw data
       ------                         ----   -------   -------
    .\
       tm4c123gh6pm_startup_ccs.obj   12     620       0      
       main.obj                       512    0         9      
    +--+------------------------------+------+---------+---------+
       Total:                         524    620       9      
                                                              
    C:/ti/TivaWare_C_Series-2.1.4.178/driverlib/ccs/Debug/driverlib.lib
       sysctl.obj                     574    108       0      
       gpio.obj                       384    0         0      
       interrupt.obj                  120    112       0      
       timer.obj                      140    0         0      
       systick.obj                    56     0         0      
       cpu.obj                        12     0         0      
    +--+------------------------------+------+---------+---------+
       Total:                         1286   220       0      
                                                              
    C:\ti\ccs1100\ccs\tools\compiler\ti-cgt-arm_20.2.5.LTS\lib\rtsv7M4_T_le_v4SPD16_eabi.lib
       memcpy_t2.asm.obj              156    0         0      
       copy_decompress_lzss.c.obj     104    0         0      
       autoinit.c.obj                 68     0         0      
       boot_cortex_m.c.obj            52     0         0      
       copy_zero_init.c.obj           28     0         0      
       copy_decompress_none.c.obj     14     0         0      
       exit.c.obj                     4      0         0      
       pre_init.c.obj                 4      0         0      
    +--+------------------------------+------+---------+---------+
       Total:                         430    0         0      
                                                              
       Stack:                         0      0         512    
       Linker Generated:              0      43        0      
    +--+------------------------------+------+---------+---------+
       Grand Total:                   2240   883       521    


LINKER GENERATED COPY TABLES

__TI_cinit_table @ 00000c30 records: 2, size/record: 8, table size: 16
	.bss: load addr=00000c20, load size=00000008 bytes, run addr=20000208, run size=00000004 bytes, compression=zero_init
	.data: load addr=00000c28, load size=00000007 bytes, run addr=20000200, run size=00000005 bytes, compression=lzss


LINKER GENERATED HANDLER TABLE

__TI_handler_table @ 00000c10 records: 3, size/record: 4, table size: 12
	index: 0, handler: __TI_decompress_lzss
	index: 1, handler: __TI_decompress_none
	index: 2, handler: __TI_zero_init


GLOBAL SYMBOLS: SORTED ALPHABETICALLY BY Name 

address   name                          
-------   ----                          
00000b2f  C$$EXIT                       
00000af5  CPUcpsie                      
00000a1d  GPIODirModeSet                
0000046d  GPIOPadConfigSet              
00000b15  GPIOPinRead                   
00000a63  GPIOPinTypeGPIOOutput         
00000b1b  GPIOPinWrite                  
00000841  IntEnable                     
00000ab7  IntMasterEnable               
00000b01  ResetISR                      
000005a1  SysCtlClockGet                
000006b1  SysCtlClockSet                
00000b21  SysCtlDelay                   
000009b5  SysCtlPeripheralEnable        
00000a7d  SysTickDisable                
00000a91  SysTickEnable                 
00000ac9  SysTickPeriodSet              
0000041d  Timer0IntHandler              
00000911  TimerConfigure                
00000ad9  TimerEnable                   
00000b27  TimerIntClear                 
00000b0d  TimerIntEnable                
00000aa5  TimerLoadSet                  
20000200  __STACK_END                   
00000200  __STACK_SIZE                  
20000200  __STACK_TOP                   
00000c30  __TI_CINIT_Base               
00000c40  __TI_CINIT_Limit              
00000c10  __TI_Handler_Table_Base       
00000c1c  __TI_Handler_Table_Limit      
00000971  __TI_auto_init_nobinit_nopinit
000008a9  __TI_decompress_lzss          
00000ae7  __TI_decompress_none          
ffffffff  __TI_pprof_out_hndl           
ffffffff  __TI_prof_data_size           
ffffffff  __TI_prof_data_start          
00000000  __TI_static_base__            
00000a47  __TI_zero_init_nomemset       
000007a5  __aeabi_memcpy                
000007a5  __aeabi_memcpy4               
000007a5  __aeabi_memcpy8               
ffffffff  __binit__                     
ffffffff  __c_args__                    
UNDEFED   __mpu_init                    
20000000  __stack                       
20000000  __start___llvm_prf_cnts       
20000000  __stop___llvm_prf_cnts        
000009e9  _c_int00_noargs               
UNDEFED   _system_post_cinit            
00000b2b  _system_pre_init              
00000b2f  abort                         
ffffffff  binit                         
000003d5  delay                         
00000401  dms                           
00000000  g_pfnVectors                  
20000200  i                             
0000026d  main                          
000007a5  memcpy                        
20000204  test                          
20000208  ui32Period                    


GLOBAL SYMBOLS: SORTED BY Symbol Address 

address   name                          
-------   ----                          
00000000  __TI_static_base__            
00000000  g_pfnVectors                  
00000200  __STACK_SIZE                  
0000026d  main                          
000003d5  delay                         
00000401  dms                           
0000041d  Timer0IntHandler              
0000046d  GPIOPadConfigSet              
000005a1  SysCtlClockGet                
000006b1  SysCtlClockSet                
000007a5  __aeabi_memcpy                
000007a5  __aeabi_memcpy4               
000007a5  __aeabi_memcpy8               
000007a5  memcpy                        
00000841  IntEnable                     
000008a9  __TI_decompress_lzss          
00000911  TimerConfigure                
00000971  __TI_auto_init_nobinit_nopinit
000009b5  SysCtlPeripheralEnable        
000009e9  _c_int00_noargs               
00000a1d  GPIODirModeSet                
00000a47  __TI_zero_init_nomemset       
00000a63  GPIOPinTypeGPIOOutput         
00000a7d  SysTickDisable                
00000a91  SysTickEnable                 
00000aa5  TimerLoadSet                  
00000ab7  IntMasterEnable               
00000ac9  SysTickPeriodSet              
00000ad9  TimerEnable                   
00000ae7  __TI_decompress_none          
00000af5  CPUcpsie                      
00000b01  ResetISR                      
00000b0d  TimerIntEnable                
00000b15  GPIOPinRead                   
00000b1b  GPIOPinWrite                  
00000b21  SysCtlDelay                   
00000b27  TimerIntClear                 
00000b2b  _system_pre_init              
00000b2f  C$$EXIT                       
00000b2f  abort                         
00000c10  __TI_Handler_Table_Base       
00000c1c  __TI_Handler_Table_Limit      
00000c30  __TI_CINIT_Base               
00000c40  __TI_CINIT_Limit              
20000000  __stack                       
20000000  __start___llvm_prf_cnts       
20000000  __stop___llvm_prf_cnts        
20000200  __STACK_END                   
20000200  __STACK_TOP                   
20000200  i                             
20000204  test                          
20000208  ui32Period                    
ffffffff  __TI_pprof_out_hndl           
ffffffff  __TI_prof_data_size           
ffffffff  __TI_prof_data_start          
ffffffff  __binit__                     
ffffffff  __c_args__                    
ffffffff  binit                         
UNDEFED   __mpu_init                    
UNDEFED   _system_post_cinit            

[60 symbols]
