Microchip MPLAB XC8 Compiler V2.31

Linker command line:

-W-3 --edf=C:\Program Files\Microchip\xc8\v2.31\pic\dat\en_msgs.txt -cn \
  -h+dist/default/production\pruebas.X.production.sym \
  --cmf=dist/default/production\pruebas.X.production.cmf -z -Q16F887 \
  -oC:\Users\jonam\AppData\Local\Temp\s4vk.2 --defsym=__MPLAB_BUILD=1 \
  -Mdist/default/production/pruebas.X.production.map -E1 -ver=XC8 Compiler \
  --acfsm=1493 -ASTACK=0110h-016Fh -pstack=STACK -ACODE=00h-07FFhx4 \
  -ASTRCODE=00h-01FFFh -ASTRING=00h-0FFhx32 -ACONST=00h-0FFhx32 \
  -AENTRY=00h-0FFhx32 -ACOMMON=070h-07Fh -ABANK0=020h-06Fh \
  -ABANK1=0A0h-0EFh -ABANK2=0110h-016Fh -ABANK3=0190h-01EFh \
  -ARAM=020h-06Fh,0A0h-0EFh,0110h-016Fh,0190h-01EFh \
  -AABS1=020h-07Fh,0A0h-0EFh,0110h-016Fh,0190h-01EFh -ASFR0=00h-01Fh \
  -ASFR1=080h-09Fh -ASFR2=0100h-010Fh -ASFR3=0180h-018Fh \
  -ACONFIG=02007h-02008h -DCONFIG=2 -AIDLOC=02000h-02003h -DIDLOC=2 \
  -AEEDATA=00h-0FFh/02100h -peeprom_data=EEDATA -DEEDATA=2 -DCODE=2 \
  -DSTRCODE=2 -DSTRING=2 -DCONST=2 -DENTRY=2 \
  -preset_vec=00h,intentry=04h,init,end_init -ppowerup=CODE -pcinit=CODE \
  -pfunctab=ENTRY -k C:\Users\jonam\AppData\Local\Temp\s4vk.o \
  dist/default/production\pruebas.X.production.o 

Object code version is 3.11

Machine type is 16F887



                Name                               Link     Load   Length Selector   Space Scale
C:\Users\jonam\AppData\Local\Temp\s4vk.o
                end_init                              C        C        3        8       0
                reset_vec                             0        0        3        0       0
                config                             2007     2007        2        0       4
dist/default/production\pruebas.X.production.o
                cinit                                 F        F        B        8       0
                intentry                              4        4        8        8       0
                config                             2007     2007        2        0       4
                text14                              694      694        7      D0E       0
                text13                              467      467       67        8       0
                text12                              534      534       59        8       0
                text11                               1A       1A      1DD        8       0
                text10                              3EB      3EB       7C        8       0
                text9                               32F      32F       BC        8       0
                text8                               58D      58D       3E        8       0
                text7                               638      638       20        8       0
                text6                               687      687        D      D0E       0
                text5                               4CE      4CE       66        8       0
                text4                               614      614       24        8       0
                text3                               5F0      5F0       24        8       0
                text2                               658      658       1C        8       0
                text1                               5CB      5CB       25        8       0
                maintext                            1F7      1F7      138        8       0
                cstackBANK0                          20       20       2F       20       1
                cstackCOMMON                         70       70        B       70       1
                bssBANK0                             4F       4F        4       20       1
                bssCOMMON                            7B       7B        1       70       1
                strings                             674      674       13      CE8       0

TOTAL           Name                               Link     Load   Length     Space
        CLASS   STACK          

        CLASS   CODE           
                end_init                              C        C        3         0
                cinit                                 F        F        B         0
                intentry                              4        4        8         0
                reset_vec                             0        0        3         0
                text14                              694      694        7         0
                text13                              467      467       67         0
                text12                              534      534       59         0
                text11                               1A       1A      1DD         0
                text10                              3EB      3EB       7C         0
                text9                               32F      32F       BC         0
                text8                               58D      58D       3E         0
                text7                               638      638       20         0
                text6                               687      687        D         0
                text5                               4CE      4CE       66         0
                text4                               614      614       24         0
                text3                               5F0      5F0       24         0
                text2                               658      658       1C         0
                text1                               5CB      5CB       25         0
                maintext                            1F7      1F7      138         0

        CLASS   STRCODE        

        CLASS   STRING         
                strings                             674      674       13         0

        CLASS   CONST          

        CLASS   ENTRY          

        CLASS   COMMON         
                cstackCOMMON                         70       70        B         1
                bssCOMMON                            7B       7B        1         1

        CLASS   BANK0          
                cstackBANK0                          20       20       2F         1
                bssBANK0                             4F       4F        4         1

        CLASS   BANK1          

        CLASS   BANK2          

        CLASS   BANK3          

        CLASS   RAM            

        CLASS   ABS1           
                abs_s1                               7E       7E        2         1

        CLASS   SFR0           

        CLASS   SFR1           

        CLASS   SFR2           

        CLASS   SFR3           

        CLASS   CONFIG         
                config                             2007     2007        2         4

        CLASS   IDLOC          

        CLASS   EEDATA         



SEGMENTS        Name                           Load    Length   Top    Selector   Space  Class     Delta

                reset_vec                      000000  000003  000003         0       0  CODE        2
                intentry                       000004  000670  000674         8       0  CODE        2
                cstackBANK0                    000020  000033  000053        20       1  BANK0       1
                cstackCOMMON                   000070  00000C  00007C        70       1  COMMON      1
                strings                        000674  000013  000687       CE8       0  STRING      2
                text6                          000687  000014  00069B       D0E       0  CODE        2


UNUSED ADDRESS RANGES

        Name                Unused          Largest block    Delta
        BANK0            0053-006F             1D           1
        BANK1            00A0-00EF             50           1
        BANK2            0110-016F             60           1
        BANK3            0190-01EF             60           1
        CODE             0003-0003              1           2
                         069B-1FFF            800
        COMMON           007C-007D              2           1
        CONST            0003-0003              1           2
                         069B-1FFF            100
        EEDATA           2100-21FF            100           2
        ENTRY            0003-0003              1           2
                         069B-1FFF            100
        IDLOC            2000-2003              4           2
        RAM              0053-006F             1D           1
                         00A0-00EF             50
                         0110-016F             60
                         0190-01EF             60
        SFR0             0000-001F             20           1
        SFR1             0080-009F             20           1
        SFR2             0100-010F             10           1
        SFR3             0180-018F             10           1
        STACK            0110-016F             60           1
        STRCODE          0003-0003              1           2
                         069B-1FFF           1965
        STRING           0003-0003              1           2
                         069B-1FFF            100

                                  Symbol Table

?___awdiv                cstackCOMMON 0072
?___awmod                cstackCOMMON 0072
?___fldiv                cstackBANK0  0026
?___fltol                cstackBANK0  0040
?___xxtofl               cstackCOMMON 0072
CMDs@a                   cstackCOMMON 0075
_ANSEL                   (abs)        0188
_ANSELH                  (abs)        0189
_CMDs                    text7        0638
_INTCONbits              (abs)        000B
_ISR                     text14       0694
_OSCCONbits              (abs)        008F
_PIE1bits                (abs)        008C
_PIR1bits                (abs)        000C
_PORTA                   (abs)        0005
_PORTB                   (abs)        0006
_PORTC                   (abs)        0007
_PORTD                   (abs)        0008
_PORTE                   (abs)        0009
_RB0                     (abs)        0030
_RB4                     (abs)        0034
_RD0                     (abs)        0040
_RD1                     (abs)        0041
_RD2                     (abs)        0042
_RD3                     (abs)        0043
_RD4                     (abs)        0044
_RD5                     (abs)        0045
_RD6                     (abs)        0046
_RD7                     (abs)        0047
_RE0                     (abs)        0048
_RE1                     (abs)        0049
_T1CON                   (abs)        0010
_TMR1H                   (abs)        000F
_TMR1L                   (abs)        000E
_TMR1ON                  (abs)        0080
_TRISBbits               (abs)        0086
_TRISD                   (abs)        0088
_TRISE                   (abs)        0089
__Habs1                  abs1         0000
__Hbank0                 bank0        0000
__Hbank1                 bank1        0000
__Hbank2                 bank2        0000
__Hbank3                 bank3        0000
__HbssBANK0              bssBANK0     0000
__HbssCOMMON             bssCOMMON    0000
__Hcinit                 cinit        001A
__Hclrtext               clrtext      0000
__Hcode                  code         0000
__Hcommon                common       0000
__Hconfig                config       2009
__HcstackBANK0           cstackBANK0  0000
__HcstackCOMMON          cstackCOMMON 0000
__Heeprom_data           eeprom_data  0000
__Hend_init              end_init     000F
__Hfunctab               functab      0000
__Hinit                  init         000C
__Hintentry              intentry     000C
__Hmaintext              maintext     0000
__Hpowerup               powerup      0000
__Hram                   ram          0000
__Hreset_vec             reset_vec    0003
__Hsfr0                  sfr0         0000
__Hsfr1                  sfr1         0000
__Hsfr2                  sfr2         0000
__Hsfr3                  sfr3         0000
__Hspace_0               (abs)        069B
__Hspace_1               (abs)        007C
__Hspace_2               (abs)        0000
__Hspace_3               (abs)        0000
__Hspace_4               (abs)        4010
__Hstack                 stack        0000
__Hstrings               strings      0000
__Htext                  text         0000
__Labs1                  abs1         0000
__Lbank0                 bank0        0000
__Lbank1                 bank1        0000
__Lbank2                 bank2        0000
__Lbank3                 bank3        0000
__LbssBANK0              bssBANK0     0000
__LbssCOMMON             bssCOMMON    0000
__Lcinit                 cinit        000F
__Lclrtext               clrtext      0000
__Lcode                  code         0000
__Lcommon                common       0000
__Lconfig                config       0000
__LcstackBANK0           cstackBANK0  0000
__LcstackCOMMON          cstackCOMMON 0000
__Leeprom_data           eeprom_data  0000
__Lend_init              end_init     000C
__Lfunctab               functab      0000
__Linit                  init         000C
__Lintentry              intentry     0004
__Lmaintext              maintext     0000
__Lpowerup               powerup      0000
__Lram                   ram          0000
__Lreset_vec             reset_vec    0000
__Lsfr0                  sfr0         0000
__Lsfr1                  sfr1         0000
__Lsfr2                  sfr2         0000
__Lsfr3                  sfr3         0000
__Lspace_0               (abs)        0000
__Lspace_1               (abs)        0000
__Lspace_2               (abs)        0000
__Lspace_3               (abs)        0000
__Lspace_4               (abs)        0000
__Lstack                 stack        0000
__Lstrings               strings      0000
__Ltext                  text         0000
__S0                     (abs)        069B
__S1                     (abs)        007C
__S2                     (abs)        0000
__S3                     (abs)        0000
___awdiv                 text13       0467
___awdiv@counter         cstackCOMMON 0077
___awdiv@dividend        cstackCOMMON 0074
___awdiv@divisor         cstackCOMMON 0072
___awdiv@quotient        cstackCOMMON 0079
___awdiv@sign            cstackCOMMON 0078
___awmod                 text12       0534
___awmod@counter         cstackCOMMON 0077
___awmod@dividend        cstackCOMMON 0074
___awmod@divisor         cstackCOMMON 0072
___awmod@sign            cstackCOMMON 0078
___fldiv                 text11       001A
___fldiv@a               cstackBANK0  0026
___fldiv@aexp            cstackBANK0  003F
___fldiv@b               cstackBANK0  002A
___fldiv@bexp            cstackBANK0  003E
___fldiv@grs             cstackBANK0  003A
___fldiv@new_exp         cstackBANK0  0038
___fldiv@rem             cstackBANK0  0033
___fldiv@sign            cstackBANK0  0037
___fltol                 text10       03EB
___fltol@exp1            cstackBANK0  004A
___fltol@f1              cstackBANK0  0040
___fltol@sign1           cstackBANK0  0049
___int_sp                stack        0000
___latbits               (abs)        0002
___sp                    stack        0000
___stackhi               (abs)        0000
___stacklo               (abs)        0000
___xxtofl                text9        032F
___xxtofl@arg            cstackBANK0  0022
___xxtofl@exp            cstackBANK0  0021
___xxtofl@sign           cstackBANK0  0020
___xxtofl@val            cstackCOMMON 0072
__end_of_CMDs            text7        0658
__end_of_ISR             text14       069B
__end_of___awdiv         text13       04CE
__end_of___awmod         text12       058D
__end_of___fldiv         text11       01F7
__end_of___fltol         text10       0467
__end_of___xxtofl        text9        03EB
__end_of__initialization cinit        0016
__end_of__stringtab      strings      067A
__end_of_clear_LCD       text6        0694
__end_of_configLCD       text5        0534
__end_of_cursor          text4        0638
__end_of_main            maintext     032F
__end_of_pin             text8        05CB
__end_of_setup           text3        0614
__end_of_write_char      text2        0674
__end_of_write_string    text1        05F0
__initialization         cinit        000F
__pbssBANK0              bssBANK0     004F
__pbssCOMMON             bssCOMMON    007B
__pcstackBANK0           cstackBANK0  0020
__pcstackCOMMON          cstackCOMMON 0070
__pintentry              intentry     0004
__pmaintext              maintext     01F7
__pstrings               strings      0674
__ptext1                 text1        05CB
__ptext10                text10       03EB
__ptext11                text11       001A
__ptext12                text12       0534
__ptext13                text13       0467
__ptext14                text14       0694
__ptext2                 text2        0658
__ptext3                 text3        05F0
__ptext4                 text4        0614
__ptext5                 text5        04CE
__ptext6                 text6        0687
__ptext7                 text7        0638
__ptext8                 text8        058D
__ptext9                 text9        032F
__size_of_CMDs           (abs)        0000
__size_of_ISR            (abs)        0000
__size_of___awdiv        (abs)        0000
__size_of___awmod        (abs)        0000
__size_of___fldiv        (abs)        0000
__size_of___fltol        (abs)        0000
__size_of___xxtofl       (abs)        0000
__size_of_clear_LCD      (abs)        0000
__size_of_configLCD      (abs)        0000
__size_of_cursor         (abs)        0000
__size_of_main           (abs)        0000
__size_of_pin            (abs)        0000
__size_of_setup          (abs)        0000
__size_of_write_char     (abs)        0000
__size_of_write_string   (abs)        0000
__stringbase             strings      0679
__stringtab              strings      0674
_clear_LCD               text6        0687
_configLCD               text5        04CE
_cursor                  text4        0614
_main                    maintext     01F7
_pin                     text8        058D
_setup                   text3        05F0
_write_char              text2        0658
_write_string            text1        05CB
btemp                    (abs)        007E
cursor@a                 cstackCOMMON 0078
cursor@b                 cstackCOMMON 0076
cursor@x                 cstackCOMMON 0079
end_of_initialization    cinit        0016
interrupt_function       intentry     0004
intlevel0                functab      0000
intlevel1                functab      0000
intlevel2                functab      0000
intlevel3                functab      0000
intlevel4                functab      0000
intlevel5                functab      0000
main@a                   cstackBANK0  004D
pin@a                    cstackCOMMON 0072
reset_vec                reset_vec    0000
saved_w                  (abs)        007E
start                    init         000C
start_initialization     cinit        000F
write_char@a             cstackCOMMON 0074
write_string@a           cstackCOMMON 0077
write_string@i           cstackCOMMON 0075
wtemp0                   (abs)        007E


FUNCTION INFORMATION:

 *************** function _main *****************
 Defined at:
		line 62 in file "ultraso.c"
 Parameters:    Size  Location     Type
		None
 Auto vars:     Size  Location     Type
  a               2   45[BANK0 ] int 
 Return value:  Size  Location     Type
                  1    wreg      void 
 Registers used:
		wreg, fsr0l, fsr0h, status,2, status,0, btemp+1, pclath, cstack
 Tracked objects:
		On entry : 
		On exit  : 
		Unchanged: 
 Data sizes:     COMMON   BANK0   BANK1   BANK3   BANK2
      Params:         0       0       0       0       0
      Locals:         0       2       0       0       0
      Temps:          0       2       0       0       0
      Totals:         0       4       0       0       0
Total ram usage:        4 bytes
 Hardware stack levels required when called:    4
 This function calls:
		___awdiv
		___awmod
		___fldiv
		___fltol
		___xxtofl
		_clear_LCD
		_configLCD
		_cursor
		_setup
		_write_char
		_write_string
 This function is called by:
		Startup code after reset
 This function uses a non-reentrant model


 *************** function _write_string *****************
 Defined at:
		line 99 in file "LCD.c"
 Parameters:    Size  Location     Type
  a               1    wreg     PTR unsigned char 
		 -> STR_1(13), 
 Auto vars:     Size  Location     Type
  a               1    7[COMMON] PTR unsigned char 
		 -> STR_1(13), 
  i               2    5[COMMON] int 
 Return value:  Size  Location     Type
                  1    wreg      void 
 Registers used:
		wreg, fsr0l, fsr0h, status,2, status,0, pclath, cstack
 Tracked objects:
		On entry : 
		On exit  : 
		Unchanged: 
 Data sizes:     COMMON   BANK0   BANK1   BANK3   BANK2
      Params:         0       0       0       0       0
      Locals:         3       0       0       0       0
      Temps:          0       0       0       0       0
      Totals:         3       0       0       0       0
Total ram usage:        3 bytes
 Hardware stack levels used:    1
 Hardware stack levels required when called:    3
 This function calls:
		_write_char
 This function is called by:
		_main
 This function uses a non-reentrant model


 *************** function _write_char *****************
 Defined at:
		line 89 in file "LCD.c"
 Parameters:    Size  Location     Type
  a               1    wreg     unsigned char 
 Auto vars:     Size  Location     Type
  a               1    4[COMMON] unsigned char 
 Return value:  Size  Location     Type
                  1    wreg      void 
 Registers used:
		wreg, status,2, status,0, pclath, cstack
 Tracked objects:
		On entry : 
		On exit  : 
		Unchanged: 
 Data sizes:     COMMON   BANK0   BANK1   BANK3   BANK2
      Params:         0       0       0       0       0
      Locals:         1       0       0       0       0
      Temps:          1       0       0       0       0
      Totals:         2       0       0       0       0
Total ram usage:        2 bytes
 Hardware stack levels used:    1
 Hardware stack levels required when called:    2
 This function calls:
		_pin
 This function is called by:
		_main
		_write_string
 This function uses a non-reentrant model


 *************** function _setup *****************
 Defined at:
		line 105 in file "ultraso.c"
 Parameters:    Size  Location     Type
		None
 Auto vars:     Size  Location     Type
		None
 Return value:  Size  Location     Type
                  1    wreg      void 
 Registers used:
		wreg, status,2
 Tracked objects:
		On entry : 
		On exit  : 
		Unchanged: 
 Data sizes:     COMMON   BANK0   BANK1   BANK3   BANK2
      Params:         0       0       0       0       0
      Locals:         0       0       0       0       0
      Temps:          0       0       0       0       0
      Totals:         0       0       0       0       0
Total ram usage:        0 bytes
 Hardware stack levels used:    1
 Hardware stack levels required when called:    1
 This function calls:
		Nothing
 This function is called by:
		_main
 This function uses a non-reentrant model


 *************** function _cursor *****************
 Defined at:
		line 57 in file "LCD.c"
 Parameters:    Size  Location     Type
  a               1    wreg     unsigned char 
  b               1    6[COMMON] unsigned char 
 Auto vars:     Size  Location     Type
  a               1    8[COMMON] unsigned char 
  x               1    9[COMMON] unsigned char 
 Return value:  Size  Location     Type
                  1    wreg      void 
 Registers used:
		wreg, status,2, status,0, pclath, cstack
 Tracked objects:
		On entry : 
		On exit  : 
		Unchanged: 
 Data sizes:     COMMON   BANK0   BANK1   BANK3   BANK2
      Params:         1       0       0       0       0
      Locals:         2       0       0       0       0
      Temps:          1       0       0       0       0
      Totals:         4       0       0       0       0
Total ram usage:        4 bytes
 Hardware stack levels used:    1
 Hardware stack levels required when called:    3
 This function calls:
		_CMDs
 This function is called by:
		_main
 This function uses a non-reentrant model


 *************** function _configLCD *****************
 Defined at:
		line 69 in file "LCD.c"
 Parameters:    Size  Location     Type
		None
 Auto vars:     Size  Location     Type
		None
 Return value:  Size  Location     Type
                  1    wreg      void 
 Registers used:
		wreg, status,2, status,0, pclath, cstack
 Tracked objects:
		On entry : 
		On exit  : 
		Unchanged: 
 Data sizes:     COMMON   BANK0   BANK1   BANK3   BANK2
      Params:         0       0       0       0       0
      Locals:         0       0       0       0       0
      Temps:          2       0       0       0       0
      Totals:         2       0       0       0       0
Total ram usage:        2 bytes
 Hardware stack levels used:    1
 Hardware stack levels required when called:    3
 This function calls:
		_CMDs
 This function is called by:
		_main
 This function uses a non-reentrant model


 *************** function _clear_LCD *****************
 Defined at:
		line 52 in file "LCD.c"
 Parameters:    Size  Location     Type
		None
 Auto vars:     Size  Location     Type
		None
 Return value:  Size  Location     Type
                  1    wreg      void 
 Registers used:
		wreg, status,2, status,0, pclath, cstack
 Tracked objects:
		On entry : 
		On exit  : 
		Unchanged: 
 Data sizes:     COMMON   BANK0   BANK1   BANK3   BANK2
      Params:         0       0       0       0       0
      Locals:         0       0       0       0       0
      Temps:          0       0       0       0       0
      Totals:         0       0       0       0       0
Total ram usage:        0 bytes
 Hardware stack levels used:    1
 Hardware stack levels required when called:    3
 This function calls:
		_CMDs
 This function is called by:
		_main
 This function uses a non-reentrant model


 *************** function _CMDs *****************
 Defined at:
		line 42 in file "LCD.c"
 Parameters:    Size  Location     Type
  a               1    wreg     unsigned char 
 Auto vars:     Size  Location     Type
  a               1    5[COMMON] unsigned char 
 Return value:  Size  Location     Type
                  1    wreg      void 
 Registers used:
		wreg, status,2, status,0, pclath, cstack
 Tracked objects:
		On entry : 
		On exit  : 
		Unchanged: 
 Data sizes:     COMMON   BANK0   BANK1   BANK3   BANK2
      Params:         0       0       0       0       0
      Locals:         1       0       0       0       0
      Temps:          2       0       0       0       0
      Totals:         3       0       0       0       0
Total ram usage:        3 bytes
 Hardware stack levels used:    1
 Hardware stack levels required when called:    2
 This function calls:
		_pin
 This function is called by:
		_clear_LCD
		_cursor
		_configLCD
 This function uses a non-reentrant model


 *************** function _pin *****************
 Defined at:
		line 7 in file "LCD.c"
 Parameters:    Size  Location     Type
  a               1    wreg     unsigned char 
 Auto vars:     Size  Location     Type
  a               1    2[COMMON] unsigned char 
 Return value:  Size  Location     Type
                  1    wreg      void 
 Registers used:
		wreg
 Tracked objects:
		On entry : 
		On exit  : 
		Unchanged: 
 Data sizes:     COMMON   BANK0   BANK1   BANK3   BANK2
      Params:         0       0       0       0       0
      Locals:         1       0       0       0       0
      Temps:          0       0       0       0       0
      Totals:         1       0       0       0       0
Total ram usage:        1 bytes
 Hardware stack levels used:    1
 Hardware stack levels required when called:    1
 This function calls:
		Nothing
 This function is called by:
		_CMDs
		_write_char
 This function uses a non-reentrant model


 *************** function ___xxtofl *****************
 Defined at:
		line 10 in file "C:\Program Files\Microchip\xc8\v2.31\pic\sources\c90\common\xxtofl.c"
 Parameters:    Size  Location     Type
  sign            1    wreg     unsigned char 
  val             4    2[COMMON] long 
 Auto vars:     Size  Location     Type
  sign            1    0[BANK0 ] unsigned char 
  arg             4    2[BANK0 ] unsigned long 
  exp             1    1[BANK0 ] unsigned char 
 Return value:  Size  Location     Type
                  4    2[COMMON] unsigned char 
 Registers used:
		wreg, status,2, status,0
 Tracked objects:
		On entry : 
		On exit  : 
		Unchanged: 
 Data sizes:     COMMON   BANK0   BANK1   BANK3   BANK2
      Params:         4       0       0       0       0
      Locals:         0       6       0       0       0
      Temps:          4       0       0       0       0
      Totals:         8       6       0       0       0
Total ram usage:       14 bytes
 Hardware stack levels used:    1
 Hardware stack levels required when called:    1
 This function calls:
		Nothing
 This function is called by:
		_main
 This function uses a non-reentrant model


 *************** function ___fltol *****************
 Defined at:
		line 43 in file "C:\Program Files\Microchip\xc8\v2.31\pic\sources\c90\common\fltol.c"
 Parameters:    Size  Location     Type
  f1              4   32[BANK0 ] unsigned char 
 Auto vars:     Size  Location     Type
  exp1            1   42[BANK0 ] unsigned char 
  sign1           1   41[BANK0 ] unsigned char 
 Return value:  Size  Location     Type
                  4   32[BANK0 ] long 
 Registers used:
		wreg, status,2, status,0
 Tracked objects:
		On entry : 
		On exit  : 
		Unchanged: 
 Data sizes:     COMMON   BANK0   BANK1   BANK3   BANK2
      Params:         0       4       0       0       0
      Locals:         0       2       0       0       0
      Temps:          0       5       0       0       0
      Totals:         0      11       0       0       0
Total ram usage:       11 bytes
 Hardware stack levels used:    1
 Hardware stack levels required when called:    1
 This function calls:
		Nothing
 This function is called by:
		_main
 This function uses a non-reentrant model


 *************** function ___fldiv *****************
 Defined at:
		line 8 in file "C:\Program Files\Microchip\xc8\v2.31\pic\sources\c90\common\sprcdiv.c"
 Parameters:    Size  Location     Type
  a               4    6[BANK0 ] long 
  b               4   10[BANK0 ] long 
 Auto vars:     Size  Location     Type
  grs             4   26[BANK0 ] unsigned long 
  rem             4   19[BANK0 ] unsigned long 
  new_exp         2   24[BANK0 ] int 
  aexp            1   31[BANK0 ] unsigned char 
  bexp            1   30[BANK0 ] unsigned char 
  sign            1   23[BANK0 ] unsigned char 
 Return value:  Size  Location     Type
                  4    6[BANK0 ] unsigned char 
 Registers used:
		wreg, status,2, status,0, btemp+1
 Tracked objects:
		On entry : 
		On exit  : 
		Unchanged: 
 Data sizes:     COMMON   BANK0   BANK1   BANK3   BANK2
      Params:         0       8       0       0       0
      Locals:         0      13       0       0       0
      Temps:          0       5       0       0       0
      Totals:         0      26       0       0       0
Total ram usage:       26 bytes
 Hardware stack levels used:    1
 Hardware stack levels required when called:    1
 This function calls:
		Nothing
 This function is called by:
		_main
 This function uses a non-reentrant model


 *************** function ___awmod *****************
 Defined at:
		line 5 in file "C:\Program Files\Microchip\xc8\v2.31\pic\sources\c90\common\awmod.c"
 Parameters:    Size  Location     Type
  divisor         2    2[COMMON] int 
  dividend        2    4[COMMON] int 
 Auto vars:     Size  Location     Type
  sign            1    8[COMMON] unsigned char 
  counter         1    7[COMMON] unsigned char 
 Return value:  Size  Location     Type
                  2    2[COMMON] int 
 Registers used:
		wreg, status,2, status,0
 Tracked objects:
		On entry : 
		On exit  : 
		Unchanged: 
 Data sizes:     COMMON   BANK0   BANK1   BANK3   BANK2
      Params:         4       0       0       0       0
      Locals:         2       0       0       0       0
      Temps:          1       0       0       0       0
      Totals:         7       0       0       0       0
Total ram usage:        7 bytes
 Hardware stack levels used:    1
 Hardware stack levels required when called:    1
 This function calls:
		Nothing
 This function is called by:
		_main
 This function uses a non-reentrant model


 *************** function ___awdiv *****************
 Defined at:
		line 5 in file "C:\Program Files\Microchip\xc8\v2.31\pic\sources\c90\common\awdiv.c"
 Parameters:    Size  Location     Type
  divisor         2    2[COMMON] int 
  dividend        2    4[COMMON] int 
 Auto vars:     Size  Location     Type
  quotient        2    9[COMMON] int 
  sign            1    8[COMMON] unsigned char 
  counter         1    7[COMMON] unsigned char 
 Return value:  Size  Location     Type
                  2    2[COMMON] int 
 Registers used:
		wreg, status,2, status,0
 Tracked objects:
		On entry : 
		On exit  : 
		Unchanged: 
 Data sizes:     COMMON   BANK0   BANK1   BANK3   BANK2
      Params:         4       0       0       0       0
      Locals:         4       0       0       0       0
      Temps:          1       0       0       0       0
      Totals:         9       0       0       0       0
Total ram usage:        9 bytes
 Hardware stack levels used:    1
 Hardware stack levels required when called:    1
 This function calls:
		Nothing
 This function is called by:
		_main
 This function uses a non-reentrant model


 *************** function _ISR *****************
 Defined at:
		line 56 in file "ultraso.c"
 Parameters:    Size  Location     Type
		None
 Auto vars:     Size  Location     Type
		None
 Return value:  Size  Location     Type
                  1    wreg      void 
 Registers used:
		None
 Tracked objects:
		On entry : 
		On exit  : 
		Unchanged: 
 Data sizes:     COMMON   BANK0   BANK1   BANK3   BANK2
      Params:         0       0       0       0       0
      Locals:         0       0       0       0       0
      Temps:          2       0       0       0       0
      Totals:         2       0       0       0       0
Total ram usage:        2 bytes
 Hardware stack levels used:    1
 This function calls:
		Nothing
 This function is called by:
		Interrupt level 1
 This function uses a non-reentrant model



MODULE INFORMATION

Module		Function		Class		Link	Load	Size
C:\Program Files\Microchip\xc8\v2.31\pic\sources\c90\common\sprcdiv.c
		___fldiv       		CODE           	001A	0000	477

C:\Program Files\Microchip\xc8\v2.31\pic\sources\c90\common\sprcdiv.c estimated size: 477

C:\Program Files\Microchip\xc8\v2.31\pic\sources\c90\common\awmod.c
		___awmod       		CODE           	0534	0000	89

C:\Program Files\Microchip\xc8\v2.31\pic\sources\c90\common\awmod.c estimated size: 89

ultraso.c
		_ISR           		CODE           	0694	0000	7
		_main          		CODE           	01F7	0000	312
		_setup         		CODE           	05F0	0000	36

ultraso.c estimated size: 355

C:\Program Files\Microchip\xc8\v2.31\pic\sources\c90\common\awdiv.c
		___awdiv       		CODE           	0467	0000	103

C:\Program Files\Microchip\xc8\v2.31\pic\sources\c90\common\awdiv.c estimated size: 103

shared
		__stringtab    		STRING         	0674	0000	6
		__initialization		CODE           	000F	0000	7

shared estimated size: 13

C:\Program Files\Microchip\xc8\v2.31\pic\sources\c90\common\fltol.c
		___fltol       		CODE           	03EB	0000	124

C:\Program Files\Microchip\xc8\v2.31\pic\sources\c90\common\fltol.c estimated size: 124

C:\Program Files\Microchip\xc8\v2.31\pic\sources\c90\common\xxtofl.c
		___xxtofl      		CODE           	032F	0000	188

C:\Program Files\Microchip\xc8\v2.31\pic\sources\c90\common\xxtofl.c estimated size: 188

LCD.c
		_CMDs          		CODE           	0638	0000	32
		_pin           		CODE           	058D	0000	62
		_write_char    		CODE           	0658	0000	28
		_write_string  		CODE           	05CB	0000	37
		_clear_LCD     		CODE           	0687	0000	13
		_cursor        		CODE           	0614	0000	36
		_configLCD     		CODE           	04CE	0000	102

LCD.c estimated size: 310

